# SSCONTROL-hostname
test
# SSCONTROL-hostname-END
