server {
    # domain test1.com
    listen 192.168.0.51:80;
    root /tmp/var/www/test1.com/web;
    index index.php index.html index.htm;
    server_name test1.com;
    client_max_body_size 2M;

    # Citadel Webcit
    # Main location
    location / {
        proxy_pass         http://127.0.0.1:9090/;
        proxy_redirect     off;

        proxy_set_header   Host             $host;
        proxy_set_header   X-Real-IP        $remote_addr;
        proxy_set_header   X-Forwarded-For  $proxy_add_x_forwarded_for;

        proxy_connect_timeout      90s;
        proxy_send_timeout         90s;
        proxy_read_timeout         90s;

        proxy_buffer_size          4k;
        proxy_buffers              4 32k;
        proxy_busy_buffers_size    64k;
        proxy_temp_file_write_size 64k;
    }

    # List-Subscription location
    location /listsub/ {
        proxy_pass         http://127.0.0.1:9090/;
        proxy_redirect     off;

        proxy_set_header   Host             $host;
        proxy_set_header   X-Real-IP        $remote_addr;
        proxy_set_header   X-Forwarded-For  $proxy_add_x_forwarded_for;

        proxy_connect_timeout      90s;
        proxy_send_timeout         90s;
        proxy_read_timeout         90s;

        proxy_buffer_size          4k;
        proxy_buffers              4 32k;
        proxy_busy_buffers_size    64k;
        proxy_temp_file_write_size 64k;
    }

    # Groupdav location
    location /groupdav/ {
        proxy_pass         http://127.0.0.1:9090/;
        proxy_redirect     off;

        proxy_set_header   Host             $host;
        proxy_set_header   X-Real-IP        $remote_addr;
        proxy_set_header   X-Forwarded-For  $proxy_add_x_forwarded_for;

        proxy_connect_timeout      90s;
        proxy_send_timeout         90s;
        proxy_read_timeout         90s;

        proxy_buffer_size          4k;
        proxy_buffers              4 32k;
        proxy_busy_buffers_size    64k;
        proxy_temp_file_write_size 64k;
    }

    # Freebusy location
    location /freebusy/ {
        proxy_pass         http://127.0.0.1:9090/;
        proxy_redirect     off;

        proxy_set_header   Host             $host;
        proxy_set_header   X-Real-IP        $remote_addr;
        proxy_set_header   X-Forwarded-For  $proxy_add_x_forwarded_for;

        proxy_connect_timeout      90s;
        proxy_send_timeout         90s;
        proxy_read_timeout         90s;

        proxy_buffer_size          4k;
        proxy_buffers              4 32k;
        proxy_busy_buffers_size    64k;
        proxy_temp_file_write_size 64k;
    }


    # error page
    error_page 500 502 503 504 /50x.html;

    # error page location
    location = /50x.html {
        root /usr/share/nginx/html;
    }

}
