-f -s /tmp/etc/nginx/sites-available/100-robobee-test1.com_redmine2-upstream.conf /tmp/etc/nginx/sites-enabled/100-robobee-test1.com_redmine2-upstream.conf
-f -s /tmp/etc/nginx/sites-available/100-robobee-test1.com.conf /tmp/etc/nginx/sites-enabled/100-robobee-test1.com.conf
-f -s /tmp/etc/nginx/sites-available/100-robobee-test1.com_redmine2-upstream.conf /tmp/etc/nginx/sites-enabled/100-robobee-test1.com_redmine2-upstream.conf
-f -s /tmp/etc/nginx/sites-available/100-robobee-test1.com-ssl.conf /tmp/etc/nginx/sites-enabled/100-robobee-test1.com-ssl.conf
-f -s /tmp/etc/nginx/sites-available/100-robobee-test2.com_test2redmine-upstream.conf /tmp/etc/nginx/sites-enabled/100-robobee-test2.com_test2redmine-upstream.conf
-f -s /tmp/etc/nginx/sites-available/100-robobee-test2.com.conf /tmp/etc/nginx/sites-enabled/100-robobee-test2.com.conf
-f -s /tmp/etc/nginx/sites-available/100-robobee-test1.com_redmine2-upstream.conf /tmp/etc/nginx/sites-enabled/100-robobee-test1.com_redmine2-upstream.conf
-f -s /tmp/etc/nginx/sites-available/100-robobee-test1.com.conf /tmp/etc/nginx/sites-enabled/100-robobee-test1.com.conf
-f -s /tmp/etc/nginx/sites-available/100-robobee-test1.com_redmine2-upstream.conf /tmp/etc/nginx/sites-enabled/100-robobee-test1.com_redmine2-upstream.conf
-f -s /tmp/etc/nginx/sites-available/100-robobee-test1.com-ssl.conf /tmp/etc/nginx/sites-enabled/100-robobee-test1.com-ssl.conf
-f -s /tmp/etc/nginx/sites-available/100-robobee-test2.com_test2redmine-upstream.conf /tmp/etc/nginx/sites-enabled/100-robobee-test2.com_test2redmine-upstream.conf
-f -s /tmp/etc/nginx/sites-available/100-robobee-test2.com.conf /tmp/etc/nginx/sites-enabled/100-robobee-test2.com.conf
