---
chdir: /tmp/var/www/test2.com/test2redmine
environment: production
timeout: 30
log: /tmp/var/log/thin/test2_com_test2redmine.log
pid: /tmp/var/run/thin/test2_com_test2redmine.pid
max_conns: 1024
max_persistent_conns: 512
require: []
wait: 30
socket: /tmp/var/run/thin/test2_com_test2redmine.sock
daemonize: true
user: thin
group: web_002
servers: 2
prefix: /
