server {
    # SSL/domain www.test1.com
    listen 192.168.0.51:443;
    root /tmp/var/www/www.test1.com/web;
    index index.php index.html index.htm;
    server_name www.test1.com;
    client_max_body_size 2M;

    ssl on;
    ssl_certificate /tmp/var/www/www.test1.com/ssl/cert_crt.txt;
    ssl_certificate_key /tmp/var/www/www.test1.com/ssl/cert_key.txt;
    ssl_session_timeout 5m;
    ssl_protocols TLSv1 TLSv1.1 TLSv1.2;
    ssl_ciphers "ECDHE-RSA-AES256-GCM-SHA384:ECDHE-RSA-AES128-GCM-SHA256:DHE-RSA-AES256-GCM-SHA384:DHE-RSA-AES128-GCM-SHA256:ECDHE-RSA-AES256-SHA384:ECDHE-RSA-AES128-SHA256:ECDHE-RSA-AES256-SHA:ECDHE-RSA-AES128-SHA:DHE-RSA-AES256-SHA256:DHE-RSA-AES128-SHA256:DHE-RSA-AES256-SHA:DHE-RSA-AES128-SHA:ECDHE-RSA-DES-CBC3-SHA:EDH-RSA-DES-CBC3-SHA:AES256-GCM-SHA384:AES128-GCM-SHA256:AES256-SHA256:AES128-SHA256:AES256-SHA:AES128-SHA:DES-CBC3-SHA:HIGH:!aNULL:!eNULL:!EXPORT:!DES:!MD5:!PSK:!RC4";
    ssl_session_cache shared:SSL:10m;
    ssl_prefer_server_ciphers on;

    # redirect to 'https://www.test1.com'
    return 301 https://www.test1.com$request_uri;

    # error page
    error_page 500 502 503 504 /50x.html;

    # error page location
    location = /50x.html {
        root /usr/share/nginx/html;
    }

}
