update
install nginx net-tools
update
install ghc cabal-install libghc-pcre-light-dev alex zlib1g-dev happy libssl-dev
update
install git
update
install ghc cabal-install libghc-pcre-light-dev alex zlib1g-dev happy libssl-dev
update
install git
update
install nginx net-tools
update
install ghc cabal-install libghc-pcre-light-dev alex zlib1g-dev happy libssl-dev
update
install git
update
install ghc cabal-install libghc-pcre-light-dev alex zlib1g-dev happy libssl-dev
update
install git
