server {
    # domain test1.com
    listen 192.168.0.50:80;
    root /tmp/var/www/test1.com/web;
    index index.php index.html index.htm;
    server_name test1.com;
    client_max_body_size 2M;

    location / {
        proxy_pass http://127.0.0.1:9999/;
        proxy_set_header X-Real-IP  $remote_addr;
        proxy_redirect off;
    }
}
