update
install --force-reinstalls pandoc -fhighlighting
install --force-reinstalls
update
install --force-reinstalls pandoc -fhighlighting
install --force-reinstalls
