755 /tmp/var/www/php-fcgi-scripts/www.test1.com/php-fcgi-starter
-R 0640 /tmp/var/www/www.test1.com/roundcube_1_0
0775 /tmp/var/www/www.test1.com/roundcube_1_0/logs
0775 /tmp/var/www/www.test1.com/roundcube_1_0/temp
755 /tmp/var/www/php-fcgi-scripts/www.test1.com/php-fcgi-starter
400 /tmp/var/www/www.test1.com/ssl/cert_crt.txt /tmp/var/www/www.test1.com/ssl/cert_key.txt
400 /tmp/var/www/test1.com/ssl/cert_crt.txt /tmp/var/www/test1.com/ssl/cert_key.txt
400 /tmp/var/www/www.test1.com/ssl/cert_crt.txt /tmp/var/www/www.test1.com/ssl/cert_key.txt
755 /tmp/var/www/php-fcgi-scripts/www.test1.com/php-fcgi-starter
-R 0640 /tmp/var/www/www.test1.com/roundcube_1_0
0775 /tmp/var/www/www.test1.com/roundcube_1_0/logs
0775 /tmp/var/www/www.test1.com/roundcube_1_0/temp
755 /tmp/var/www/php-fcgi-scripts/www.test1.com/php-fcgi-starter
400 /tmp/var/www/www.test1.com/ssl/cert_crt.txt /tmp/var/www/www.test1.com/ssl/cert_key.txt
400 /tmp/var/www/test1.com/ssl/cert_crt.txt /tmp/var/www/test1.com/ssl/cert_key.txt
400 /tmp/var/www/www.test1.com/ssl/cert_crt.txt /tmp/var/www/www.test1.com/ssl/cert_key.txt
