hosts=127.0.0.1
user=root
password=password
dbname=maildb
table=users
select_field=maildir
where_field=login
additional_conditions = and enabled = 1
