hosts=127.0.0.1
user=root
password=password
dbname=maildb
table=domains
select_field=domain
where_field=domain
additional_conditions = and enabled = 1
