update
install python-software-properties
update
install maradns
update
install python-software-properties
update
install python-software-properties
update
install maradns
update
install python-software-properties
