<VirtualHost 192.168.0.110:443>

    # domain www.ubuntutest.com
    ServerName www.ubuntutest.com
    DocumentRoot /tmp/var/www/www.ubuntutest.com/web
    SuexecUserGroup web_002 web_002
    <Directory /tmp/var/www/www.ubuntutest.com/web>
        AllowOverride None
        Order allow,deny
        Allow from all
    </Directory>

    SSLEngine on
    SSLCertificateFile /tmp/var/www/www.ubuntutest.com/ssl/cert_crt.txt
    SSLCertificateKeyFile /tmp/var/www/www.ubuntutest.com/ssl/cert_key.txt

</VirtualHost>
