<VirtualHost 192.168.0.50:80>

    # domain test1.com
    ServerName test1.com
    DocumentRoot /tmp/var/www/test1.com/web
    SuexecUserGroup web_001 web_001
    <Directory /tmp/var/www/test1.com/web>
        AllowOverride None
        Order allow,deny
        Allow from all
    </Directory>

    # auth "Private Directory"
    <Location /private>
        AuthType basic
        AuthName "Private Directory"
        AuthBasicProvider ldap
        Require valid-user
        AuthLDAPGroupAttribute uniqueMember
        AuthLDAPGroupAttributeIsDN off
        Require ldap-group cn=ldapadminGroup,o=deventorg,dc=ubuntutest,dc=com
        AuthzLDAPAuthoritative off
        AuthLDAPURL ldap://127.0.0.1:389/o=deventorg,dc=ubuntutest,dc=com?cn
        AuthLDAPBindDN "cn=admin,dc=ubuntutest,dc=com"
        AuthLDAPBindPassword "adminpass"
        Satisfy any
    </Location>

</VirtualHost>
