# SSCONTROL-mail
mail.example.com
# SSCONTROL-mail-END
