update
install python-software-properties
update
install nginx
update
install python-software-properties
update
install nginx
