100-robobee-test1.com.conf
100-robobee-test1.com-ssl.conf
100-robobee-test2.com.conf
100-robobee-test2.com-ssl.conf
100-robobee-test1.com.conf
100-robobee-test1.com-ssl.conf
100-robobee-test2.com.conf
100-robobee-test2.com-ssl.conf
