u=rwx,g=rwx,o=rx /tmp/var/www/test1.com/web
u=rwx,g=rwx,o=rx /tmp/var/www/test2.com/web
400 /tmp/var/www/test1.com/ssl/cert_crt.txt /tmp/var/www/test1.com/ssl/cert_key.txt
400 /tmp/var/www/test2.com/ssl/cert_ca.txt /tmp/var/www/test2.com/ssl/cert_crt.txt /tmp/var/www/test2.com/ssl/cert_key.txt
u=rwx,g=rwx,o=rx /tmp/var/www/test1.com/web
u=rwx,g=rwx,o=rx /tmp/var/www/test2.com/web
400 /tmp/var/www/test1.com/ssl/cert_crt.txt /tmp/var/www/test1.com/ssl/cert_key.txt
400 /tmp/var/www/test2.com/ssl/cert_ca.txt /tmp/var/www/test2.com/ssl/cert_crt.txt /tmp/var/www/test2.com/ssl/cert_key.txt
