# RoboBee Auto Generated

NameVirtualHost 127.0.0.1:8080
NameVirtualHost 127.0.0.1:8092
NameVirtualHost 127.0.0.1:8090
