#!/bin/bash
PHPRC=/etc/php5/cgi/
export PHPRC
PHP_INI_SCAN_DIR=/tmp/var/www/php-fcgi-scripts/test3.com
export PHP_INI_SCAN_DIR
PHP_FCGI_MAX_REQUESTS=5000
export PHP_FCGI_MAX_REQUESTS
exec /usr/lib/cgi-bin/php
