time [main] DEBUG RunCommands - Command '/tmp/etc/init.d/apache2 {log=Logger[com.anrisoftware.sscontrol.httpd.apache.apache.apache_2_2.Apache_2_2_Script], runCommands=RunCommands[name=apache], command=/tmp/etc/init.d/apache2, services=[], flags=stop, exitCode=null}' added for service 'apache', UbuntuScript[name=httpd].
time [main] DEBUG RunCommands - Command '/tmp/usr/bin/aptitude {log=Logger[com.anrisoftware.sscontrol.httpd.apache.apache.ubuntu_time_time.UbuntuScript], runCommands=RunCommands[name=apache], command=/tmp/usr/bin/aptitude, packages=[apache2, apache2-suexec], system=ubuntu, timeout=PTtimeS}' added for service 'apache', UbuntuScript[name=httpd].
time [main] DEBUG RunCommands - Command '/tmp/usr/sbin/a2enmod {log=Logger[com.anrisoftware.sscontrol.httpd.apache.apache.linux.ApacheScript], runCommands=RunCommands[name=apache], command=/tmp/usr/sbin/a2enmod, mods=[suexec]}' added for service 'apache', UbuntuScript[name=httpd].
time [main] DEBUG RunCommands - Command '/tmp/usr/sbin/groupadd {log=Logger[com.anrisoftware.sscontrol.httpd.domain.linux.DomainConfig], runCommands=RunCommands[name=apache], command=/tmp/usr/sbin/groupadd, groupsFile=/tmp/etc/group, groupName=web_time, groupId=time, outString=true}' added for service 'apache', UbuntuScript[name=httpd].
time [main] DEBUG RunCommands - Command '/tmp/usr/sbin/useradd {log=Logger[com.anrisoftware.sscontrol.httpd.domain.linux.DomainConfig], runCommands=RunCommands[name=apache], command=/tmp/usr/sbin/useradd, usersFile=/tmp/etc/passwd, userName=web_time, groupName=web_time, userId=time, homeDir=/tmp/var/www/test1.com, shell=/bin/false, outString=true}' added for service 'apache', UbuntuScript[name=httpd].
time [main] DEBUG RunCommands - Command '/tmp/bin/chown {log=Logger[com.anrisoftware.sscontrol.httpd.domain.linux.DomainConfig], runCommands=RunCommands[name=apache], command=/tmp/bin/chown, owner=web_time, ownerGroup=web_time, files=/tmp/var/www/test1.com/web}' added for service 'apache', UbuntuScript[name=httpd].
time [main] DEBUG RunCommands - Command '/tmp/bin/chmod {log=Logger[com.anrisoftware.sscontrol.httpd.domain.linux.DomainConfig], runCommands=RunCommands[name=apache], command=/tmp/bin/chmod, mod=u=rwx,g=rwx,o=rx, files=/tmp/var/www/test1.com/web}' added for service 'apache', UbuntuScript[name=httpd].
time [main] DEBUG RunCommands - Command '/tmp/usr/sbin/a2enmod {log=Logger[com.anrisoftware.sscontrol.httpd.apache.apache.linux.ApacheScript], runCommands=RunCommands[name=apache], command=/tmp/usr/sbin/a2enmod, mods=[rewrite]}' added for service 'apache', UbuntuScript[name=httpd].
time [main] DEBUG RunCommands - Command '/tmp/usr/bin/aptitude {log=Logger[com.anrisoftware.sscontrol.httpd.apache.apache.linux.ApacheScript], runCommands=RunCommands[name=apache], command=/tmp/usr/bin/aptitude, packages=[apache2-suexec, libapache2-mod-fcgid, php5-cgi], system=ubuntu, timeout=PTtimeS}' added for service 'apache', UbuntuScript[name=httpd].
time [main] DEBUG RunCommands - Command '/tmp/usr/sbin/a2enmod {log=Logger[com.anrisoftware.sscontrol.httpd.apache.apache.linux.ApacheScript], runCommands=RunCommands[name=apache], command=/tmp/usr/sbin/a2enmod, mods=[fcgid]}' added for service 'apache', UbuntuScript[name=httpd].
time [main] DEBUG RunCommands - Command '/tmp/bin/chown {log=Logger[com.anrisoftware.sscontrol.httpd.apache.apache.linux.ApacheFcgiConfig], runCommands=RunCommands[name=apache], command=/tmp/bin/chown, owner=web_time, ownerGroup=web_time, files=/tmp/var/www/php-fcgi-scripts/test1.com, recursive=true}' added for service 'apache', UbuntuScript[name=httpd].
time [main] DEBUG RunCommands - Command '/tmp/bin/chown {log=Logger[com.anrisoftware.sscontrol.httpd.apache.apache.linux.ApacheFcgiConfig], runCommands=RunCommands[name=apache], command=/tmp/bin/chown, owner=web_time, ownerGroup=web_time, files=/tmp/var/www/php-fcgi-scripts/test1.com/php-fcgi-starter}' added for service 'apache', UbuntuScript[name=httpd].
time [main] DEBUG RunCommands - Command '/tmp/bin/chmod {log=Logger[com.anrisoftware.sscontrol.httpd.apache.apache.linux.ApacheFcgiConfig], runCommands=RunCommands[name=apache], command=/tmp/bin/chmod, mod=time, files=/tmp/var/www/php-fcgi-scripts/test1.com/php-fcgi-starter}' added for service 'apache', UbuntuScript[name=httpd].
time [main] DEBUG RunCommands - Command '/tmp/usr/bin/aptitude {log=Logger[com.anrisoftware.sscontrol.httpd.roundcube.roundcube_1_apache_ubuntu_time_time.UbuntuRoundcubeConfig], runCommands=RunCommands[name=apache], command=/tmp/usr/bin/aptitude, packages=[php5, php5-mcrypt, php5-pspell], system=ubuntu, timeout=PTtimeS}' added for service 'apache', UbuntuScript[name=httpd].
time [main] DEBUG RunCommands - Command '/tmp/usr/bin/aptitude {log=Logger[com.anrisoftware.sscontrol.httpd.roundcube.roundcube_1_apache_ubuntu_time_time.UbuntuRoundcubeConfig], runCommands=RunCommands[name=apache], command=/tmp/usr/bin/aptitude, packages=[php5-mysql, mysql-client, mysql-server], system=ubuntu, timeout=PTtimeS}' added for service 'apache', UbuntuScript[name=httpd].
time [main] DEBUG RunCommands - Command '/tmp/usr/bin/mysql {log=Logger[com.anrisoftware.sscontrol.httpd.roundcube.core.Roundcube_1_Config], runCommands=RunCommands[name=apache], driver=mysql, command=/tmp/usr/bin/mysql, user=userdb, password=userpassdb, database=roundcubedb, script=/tmp/var/www/test1.com/roundcube_1/SQL/mysql.initial.sql}' added for service 'apache', UbuntuScript[name=httpd].
time [main] DEBUG RunCommands - Command '/tmp/bin/chown {log=Logger[com.anrisoftware.sscontrol.httpd.roundcube.core.Roundcube_1_Permissions], runCommands=RunCommands[name=apache], command=/tmp/bin/chown, owner=root, ownerGroup=web_time, files=/tmp/var/www/test1.com/roundcube_1, recursive=true}' added for service 'apache', UbuntuScript[name=httpd].
time [main] DEBUG RunCommands - Command '/tmp/bin/chmod {log=Logger[com.anrisoftware.sscontrol.httpd.roundcube.core.Roundcube_1_Permissions], runCommands=RunCommands[name=apache], command=/tmp/bin/chmod, mod=u=rwX,g=rX,o=rX, files=/tmp/var/www/test1.com/roundcube_1, recursive=true}' added for service 'apache', UbuntuScript[name=httpd].
time [main] DEBUG RunCommands - Command '/tmp/bin/chown {log=Logger[com.anrisoftware.sscontrol.httpd.roundcube.core.Roundcube_1_Permissions], runCommands=RunCommands[name=apache], command=/tmp/bin/chown, owner=web_time, ownerGroup=web_time, files=[/tmp/var/www/test1.com/roundcube_1/logs, /tmp/var/www/test1.com/roundcube_1/temp], recursive=true}' added for service 'apache', UbuntuScript[name=httpd].
time [main] DEBUG RunCommands - Command '/tmp/bin/chmod {log=Logger[com.anrisoftware.sscontrol.httpd.roundcube.core.Roundcube_1_Permissions], runCommands=RunCommands[name=apache], command=/tmp/bin/chmod, mod=u=rwX,g=rX,o=rX, files=[/tmp/var/www/test1.com/roundcube_1/logs, /tmp/var/www/test1.com/roundcube_1/temp], recursive=true}' added for service 'apache', UbuntuScript[name=httpd].
time [main] DEBUG RunCommands - Command '/tmp/bin/chown {log=Logger[com.anrisoftware.sscontrol.httpd.roundcube.core.Roundcube_1_Permissions], runCommands=RunCommands[name=apache], command=/tmp/bin/chown, owner=web_time, ownerGroup=web_time, files=/tmp/var/www/test1.com/roundcube_1/config/config.inc.php}' added for service 'apache', UbuntuScript[name=httpd].
time [main] DEBUG RunCommands - Command '/tmp/bin/chmod {log=Logger[com.anrisoftware.sscontrol.httpd.roundcube.core.Roundcube_1_Permissions], runCommands=RunCommands[name=apache], command=/tmp/bin/chmod, mod=u=r,g=r,o-rwx, files=/tmp/var/www/test1.com/roundcube_1/config/config.inc.php}' added for service 'apache', UbuntuScript[name=httpd].
time [main] DEBUG RunCommands - Command '/tmp/usr/sbin/a2ensite {log=Logger[com.anrisoftware.sscontrol.httpd.apache.apache.linux.ApacheScript], runCommands=RunCommands[name=apache], command=/tmp/usr/sbin/a2ensite, sites=time-robobee-test1.com.conf}' added for service 'apache', UbuntuScript[name=httpd].
time [main] DEBUG RunCommands - Command '/tmp/etc/init.d/apache2 {log=Logger[com.anrisoftware.sscontrol.httpd.apache.apache.apache_2_2.Apache_2_2_Script], runCommands=RunCommands[name=apache], command=/tmp/etc/init.d/apache2, services=[], flags=restart}' added for service 'apache', UbuntuScript[name=httpd].
time