<VirtualHost 192.168.0.50:80>

    # domain www.test4.com
    ServerName www.test4.com
    DocumentRoot /tmp/var/www/www.test4.com/web
    SuexecUserGroup web_004 web_004
    <Directory /tmp/var/www/www.test4.com/web>
        AllowOverride None
        Order allow,deny
        Allow from all
    </Directory>

</VirtualHost>
