time [main] DEBUG RunCommands - Command '/tmp/etc/init.d/nginx {log=Logger[com.anrisoftware.sscontrol.httpd.nginx.nginx.nginx_1_4.Nginx_1_4_Script], runCommands=RunCommands[name=nginx], command=/tmp/etc/init.d/nginx, services=[], flags=stop}' added for service 'nginx', UbuntuScript[name=httpd].
time [main] DEBUG RunCommands - Command '/tmp/usr/bin/aptitude {log=Logger[com.anrisoftware.sscontrol.httpd.nginx.nginx.ubuntu_time_time.UbuntuScript], runCommands=RunCommands[name=nginx], command=/tmp/usr/bin/aptitude, packages=[nginx, net-tools], system=ubuntu, timeout=PTtimeS}' added for service 'nginx', UbuntuScript[name=httpd].
time [main] DEBUG RunCommands - Command '/tmp/usr/sbin/groupadd {log=Logger[com.anrisoftware.sscontrol.httpd.domain.linux.DomainConfig], runCommands=RunCommands[name=nginx], command=/tmp/usr/sbin/groupadd, groupsFile=/tmp/etc/group, groupName=web_time, groupId=time, outString=true}' added for service 'nginx', UbuntuScript[name=httpd].
time [main] DEBUG RunCommands - Command '/tmp/usr/sbin/useradd {log=Logger[com.anrisoftware.sscontrol.httpd.domain.linux.DomainConfig], runCommands=RunCommands[name=nginx], command=/tmp/usr/sbin/useradd, usersFile=/tmp/etc/passwd, userName=web_time, groupName=web_time, userId=time, homeDir=/tmp/var/www/test1.com, shell=/bin/false, outString=true}' added for service 'nginx', UbuntuScript[name=httpd].
time [main] DEBUG RunCommands - Command '/tmp/bin/chown {log=Logger[com.anrisoftware.sscontrol.httpd.domain.linux.DomainConfig], runCommands=RunCommands[name=nginx], command=/tmp/bin/chown, owner=web_time, ownerGroup=web_time, files=/tmp/var/www/test1.com/web}' added for service 'nginx', UbuntuScript[name=httpd].
time [main] DEBUG RunCommands - Command '/tmp/bin/chmod {log=Logger[com.anrisoftware.sscontrol.httpd.domain.linux.DomainConfig], runCommands=RunCommands[name=nginx], command=/tmp/bin/chmod, mod=u=rwx,g=rwx,o=rx, files=/tmp/var/www/test1.com/web}' added for service 'nginx', UbuntuScript[name=httpd].
time [main] DEBUG RunCommands - Command '/tmp/usr/sbin/groupadd {log=Logger[com.anrisoftware.sscontrol.httpd.domain.linux.DomainConfig], runCommands=RunCommands[name=nginx], command=/tmp/usr/sbin/groupadd, groupsFile=/tmp/etc/group, groupName=web_time, groupId=time, outString=true}' added for service 'nginx', UbuntuScript[name=httpd].
time [main] DEBUG RunCommands - Command '/tmp/usr/sbin/useradd {log=Logger[com.anrisoftware.sscontrol.httpd.domain.linux.DomainConfig], runCommands=RunCommands[name=nginx], command=/tmp/usr/sbin/useradd, usersFile=/tmp/etc/passwd, userName=web_time, groupName=web_time, userId=time, homeDir=/tmp/var/www/test2.com, shell=/bin/false, outString=true}' added for service 'nginx', UbuntuScript[name=httpd].
time [main] DEBUG RunCommands - Command '/tmp/bin/chown {log=Logger[com.anrisoftware.sscontrol.httpd.domain.linux.DomainConfig], runCommands=RunCommands[name=nginx], command=/tmp/bin/chown, owner=web_time, ownerGroup=web_time, files=/tmp/var/www/test2.com/web}' added for service 'nginx', UbuntuScript[name=httpd].
time [main] DEBUG RunCommands - Command '/tmp/bin/chmod {log=Logger[com.anrisoftware.sscontrol.httpd.domain.linux.DomainConfig], runCommands=RunCommands[name=nginx], command=/tmp/bin/chmod, mod=u=rwx,g=rwx,o=rx, files=/tmp/var/www/test2.com/web}' added for service 'nginx', UbuntuScript[name=httpd].
time [main] DEBUG RunCommands - Command '/tmp/bin/chown {log=Logger[com.anrisoftware.sscontrol.httpd.nginx.authfile.nginx_1_4.AuthFileConfig], runCommands=RunCommands[name=nginx], command=/tmp/bin/chown, owner=root, ownerGroup=www-data, files=/tmp/var/www/test1.com/auth, recursive=true}' added for service 'nginx', UbuntuScript[name=httpd].
time [main] DEBUG RunCommands - Command '/tmp/bin/chmod {log=Logger[com.anrisoftware.sscontrol.httpd.nginx.authfile.nginx_1_4.AuthFileConfig], runCommands=RunCommands[name=nginx], command=/tmp/bin/chmod, mod=o=r,g=r,o-rw, files=[/tmp/var/www/test1.com/auth/privatepasswd.passwd]}' added for service 'nginx', UbuntuScript[name=httpd].
time [main] DEBUG RunCommands - Command '/tmp/bin/ln {log=Logger[com.anrisoftware.sscontrol.httpd.nginx.nginx.linux.NginxScript], runCommands=RunCommands[name=nginx], command=/tmp/bin/ln, files=[/tmp/etc/nginx/sites-available/time-robobee-test1.com.conf], targets=[/tmp/etc/nginx/sites-enabled/time-robobee-test1.com.conf], override=true}' added for service 'nginx', UbuntuScript[name=httpd].
time [main] DEBUG RunCommands - Command '/tmp/bin/ln {log=Logger[com.anrisoftware.sscontrol.httpd.nginx.nginx.linux.NginxScript], runCommands=RunCommands[name=nginx], command=/tmp/bin/ln, files=[/tmp/etc/nginx/sites-available/time-robobee-test2.com.conf], targets=[/tmp/etc/nginx/sites-enabled/time-robobee-test2.com.conf], override=true}' added for service 'nginx', UbuntuScript[name=httpd].
time [main] DEBUG RunCommands - Command '/tmp/bin/netstat {log=Logger[com.anrisoftware.sscontrol.httpd.nginx.nginx.linux.NginxScript], runCommands=RunCommands[name=nginx], command=/tmp/bin/netstat, ports=[time]}' added for service 'nginx', UbuntuScript[name=httpd].
time [main] DEBUG RunCommands - Command '/tmp/etc/init.d/nginx {log=Logger[com.anrisoftware.sscontrol.httpd.nginx.nginx.ubuntu_time_time.UbuntuScript], runCommands=RunCommands[name=nginx], command=/tmp/etc/init.d/nginx, services=[], flags=restart}' added for service 'nginx', UbuntuScript[name=httpd].
time [main] DEBUG RunCommands - Command '/tmp/etc/init.d/nginx {log=Logger[com.anrisoftware.sscontrol.httpd.nginx.nginx.nginx_1_4.Nginx_1_4_Script], runCommands=RunCommands[name=nginx], command=/tmp/etc/init.d/nginx, services=[], flags=stop}' added for service 'nginx', UbuntuScript[name=httpd].
time [main] DEBUG RunCommands - Command '/tmp/usr/bin/aptitude {log=Logger[com.anrisoftware.sscontrol.httpd.nginx.nginx.ubuntu_time_time.UbuntuScript], runCommands=RunCommands[name=nginx], command=/tmp/usr/bin/aptitude, packages=[nginx, net-tools], system=ubuntu, timeout=PTtimeS}' added for service 'nginx', UbuntuScript[name=httpd].
time [main] DEBUG RunCommands - Command '/tmp/usr/sbin/groupadd {log=Logger[com.anrisoftware.sscontrol.httpd.domain.linux.DomainConfig], runCommands=RunCommands[name=nginx], command=/tmp/usr/sbin/groupadd, groupsFile=/tmp/etc/group, groupName=web_time, groupId=time, outString=true}' added for service 'nginx', UbuntuScript[name=httpd].
time [main] DEBUG RunCommands - Command '/tmp/usr/sbin/useradd {log=Logger[com.anrisoftware.sscontrol.httpd.domain.linux.DomainConfig], runCommands=RunCommands[name=nginx], command=/tmp/usr/sbin/useradd, usersFile=/tmp/etc/passwd, userName=web_time, groupName=web_time, userId=time, homeDir=/tmp/var/www/test1.com, shell=/bin/false, outString=true}' added for service 'nginx', UbuntuScript[name=httpd].
time [main] DEBUG RunCommands - Command '/tmp/bin/chown {log=Logger[com.anrisoftware.sscontrol.httpd.domain.linux.DomainConfig], runCommands=RunCommands[name=nginx], command=/tmp/bin/chown, owner=web_time, ownerGroup=web_time, files=/tmp/var/www/test1.com/web}' added for service 'nginx', UbuntuScript[name=httpd].
time [main] DEBUG RunCommands - Command '/tmp/bin/chmod {log=Logger[com.anrisoftware.sscontrol.httpd.domain.linux.DomainConfig], runCommands=RunCommands[name=nginx], command=/tmp/bin/chmod, mod=u=rwx,g=rwx,o=rx, files=/tmp/var/www/test1.com/web}' added for service 'nginx', UbuntuScript[name=httpd].
time [main] DEBUG RunCommands - Command '/tmp/usr/sbin/groupadd {log=Logger[com.anrisoftware.sscontrol.httpd.domain.linux.DomainConfig], runCommands=RunCommands[name=nginx], command=/tmp/usr/sbin/groupadd, groupsFile=/tmp/etc/group, groupName=web_time, groupId=time, outString=true}' added for service 'nginx', UbuntuScript[name=httpd].
time [main] DEBUG RunCommands - Command '/tmp/usr/sbin/useradd {log=Logger[com.anrisoftware.sscontrol.httpd.domain.linux.DomainConfig], runCommands=RunCommands[name=nginx], command=/tmp/usr/sbin/useradd, usersFile=/tmp/etc/passwd, userName=web_time, groupName=web_time, userId=time, homeDir=/tmp/var/www/test2.com, shell=/bin/false, outString=true}' added for service 'nginx', UbuntuScript[name=httpd].
time [main] DEBUG RunCommands - Command '/tmp/bin/chown {log=Logger[com.anrisoftware.sscontrol.httpd.domain.linux.DomainConfig], runCommands=RunCommands[name=nginx], command=/tmp/bin/chown, owner=web_time, ownerGroup=web_time, files=/tmp/var/www/test2.com/web}' added for service 'nginx', UbuntuScript[name=httpd].
time [main] DEBUG RunCommands - Command '/tmp/bin/chmod {log=Logger[com.anrisoftware.sscontrol.httpd.domain.linux.DomainConfig], runCommands=RunCommands[name=nginx], command=/tmp/bin/chmod, mod=u=rwx,g=rwx,o=rx, files=/tmp/var/www/test2.com/web}' added for service 'nginx', UbuntuScript[name=httpd].
time [main] DEBUG RunCommands - Command '/tmp/bin/chown {log=Logger[com.anrisoftware.sscontrol.httpd.nginx.authfile.nginx_1_4.AuthFileConfig], runCommands=RunCommands[name=nginx], command=/tmp/bin/chown, owner=root, ownerGroup=www-data, files=/tmp/var/www/test1.com/auth, recursive=true}' added for service 'nginx', UbuntuScript[name=httpd].
time [main] DEBUG RunCommands - Command '/tmp/bin/chmod {log=Logger[com.anrisoftware.sscontrol.httpd.nginx.authfile.nginx_1_4.AuthFileConfig], runCommands=RunCommands[name=nginx], command=/tmp/bin/chmod, mod=o=r,g=r,o-rw, files=[/tmp/var/www/test1.com/auth/privatepasswd.passwd]}' added for service 'nginx', UbuntuScript[name=httpd].
time [main] DEBUG RunCommands - Command '/tmp/bin/ln {log=Logger[com.anrisoftware.sscontrol.httpd.nginx.nginx.linux.NginxScript], runCommands=RunCommands[name=nginx], command=/tmp/bin/ln, files=[/tmp/etc/nginx/sites-available/time-robobee-test1.com.conf], targets=[/tmp/etc/nginx/sites-enabled/time-robobee-test1.com.conf], override=true}' added for service 'nginx', UbuntuScript[name=httpd].
time [main] DEBUG RunCommands - Command '/tmp/bin/ln {log=Logger[com.anrisoftware.sscontrol.httpd.nginx.nginx.linux.NginxScript], runCommands=RunCommands[name=nginx], command=/tmp/bin/ln, files=[/tmp/etc/nginx/sites-available/time-robobee-test2.com.conf], targets=[/tmp/etc/nginx/sites-enabled/time-robobee-test2.com.conf], override=true}' added for service 'nginx', UbuntuScript[name=httpd].
time [main] DEBUG RunCommands - Command '/tmp/bin/netstat {log=Logger[com.anrisoftware.sscontrol.httpd.nginx.nginx.linux.NginxScript], runCommands=RunCommands[name=nginx], command=/tmp/bin/netstat, ports=[time]}' added for service 'nginx', UbuntuScript[name=httpd].
time [main] DEBUG RunCommands - Command '/tmp/etc/init.d/nginx {log=Logger[com.anrisoftware.sscontrol.httpd.nginx.nginx.ubuntu_time_time.UbuntuScript], runCommands=RunCommands[name=nginx], command=/tmp/etc/init.d/nginx, services=[], flags=restart}' added for service 'nginx', UbuntuScript[name=httpd].
time