-R u=rwX,g=rX,o-rwX /tmp/var/backups/test1.com
+x /tmp/etc/init.d/thin
-R 755 /tmp/var/www/test1.com/redmine_2_6/files
-R 755 /tmp/var/www/test1.com/redmine_2_6/log
-R 755 /tmp/var/www/test1.com/redmine_2_6/tmp
-R 755 /tmp/var/www/test1.com/redmine_2_6/tmp/pdf
-R 755 /tmp/var/www/test1.com/redmine_2_6/public/plugin_assets
400 /tmp/var/www/test1.com/ssl/cert_crt.txt /tmp/var/www/test1.com/ssl/cert_key.txt
-R u=rwX,g=rX,o-rwX /tmp/var/backups/test1.com
+x /tmp/etc/init.d/thin
-R 755 /tmp/var/www/test1.com/redmine_2_6/files
-R 755 /tmp/var/www/test1.com/redmine_2_6/log
-R 755 /tmp/var/www/test1.com/redmine_2_6/tmp
-R 755 /tmp/var/www/test1.com/redmine_2_6/tmp/pdf
-R 755 /tmp/var/www/test1.com/redmine_2_6/public/plugin_assets
400 /tmp/var/www/test1.com/ssl/cert_crt.txt /tmp/var/www/test1.com/ssl/cert_key.txt
