# RoboBee Auto Generated
# Redmine Database Configuration
# Author: Erwin MÃ¼ller, <erwin.mueller@deventm.org>

production:
  adapter: mysql2
  database: redmine2
  host: localhost
  username: user
  password: userpass
  encoding: utf8
development:
  adapter: mysql2
  database: redmine_development
  host: localhost
  username: root
  password: ''
  encoding: utf8
test:
  adapter: mysql2
  database: redmine_test
  host: localhost
  username: root
  password: ''
  encoding: utf8
