-czf /tmp/var/backups/wordpress_www.test1.com/wordpress_www.test1.com_000T00.tar.gz /tmp/var/www/www.test1.com/wordpress_3_8
--overwrite --strip 1 -xf /tmp/tmp/wordpress-wordpress-3.8.tar.gz
-czf /tmp/var/backups/wordpress_www.test1.com/wordpress_www.test1.com_000T00.tar.gz /tmp/var/www/www.test1.com/wordpress_3_8
--overwrite --strip 1 -xf /tmp/tmp/wordpress-wordpress-3.8.tar.gz
