755 /tmp/var/www/php-fcgi-scripts/www.test1.com/php-fcgi-starter
-R u=rwX,g=rX,o=rX /tmp/var/www/www.test1.com/wordpress_4
-R u=rwX,g=rX,o-rwX /tmp/var/www/www.test1.com/wordpress_4/wp-content/cache
-R u=rwX,g=rX,o-rwX /tmp/var/www/www.test1.com/wordpress_4/wp-content/plugins
-R u=rwX,g=rX,o-rwX /tmp/var/www/www.test1.com/wordpress_4/wp-content/themes
-R u=rwX,g=rX,o-rwX /tmp/var/www/www.test1.com/wordpress_4/wp-content/uploads
u=r,g=r,o-rwx /tmp/var/www/www.test1.com/wordpress_4/wp-config.php
755 /tmp/var/www/php-fcgi-scripts/www.test1.com/php-fcgi-starter
400 /tmp/var/www/www.test1.com/ssl/cert_crt.txt /tmp/var/www/www.test1.com/ssl/cert_key.txt
755 /tmp/var/www/php-fcgi-scripts/www.test1.com/php-fcgi-starter
-R u=rwX,g=rX,o=rX /tmp/var/www/www.test1.com/wordpress_4
-R u=rwX,g=rX,o-rwX /tmp/var/www/www.test1.com/wordpress_4/wp-content/cache
-R u=rwX,g=rX,o-rwX /tmp/var/www/www.test1.com/wordpress_4/wp-content/plugins
-R u=rwX,g=rX,o-rwX /tmp/var/www/www.test1.com/wordpress_4/wp-content/themes
-R u=rwX,g=rX,o-rwX /tmp/var/www/www.test1.com/wordpress_4/wp-content/uploads
u=r,g=r,o-rwx /tmp/var/www/www.test1.com/wordpress_4/wp-config.php
755 /tmp/var/www/php-fcgi-scripts/www.test1.com/php-fcgi-starter
400 /tmp/var/www/www.test1.com/ssl/cert_crt.txt /tmp/var/www/www.test1.com/ssl/cert_key.txt
