<VirtualHost 192.168.0.50:80>

    # domain test1.com
    ServerName test1.com
    DocumentRoot /tmp/var/www/test1.com/web
    SuexecUserGroup web_001 web_001
    <Directory /tmp/var/www/test1.com/web>
        AllowOverride None
        Order allow,deny
        Allow from all
    </Directory>

    # auth "Private Directory"
    <Location /private>
        AuthType digest
        AuthName "Private Directory"
        AuthDigestProvider file
        Require valid-user
        Require group foogroup admin1 admin2 admin3
        AuthUserFile /tmp/var/www/test1.com/auth/private-digest.passwd
        AuthGroupFile /tmp/var/www/test1.com/auth/private.group
        Satisfy any
    </Location>

</VirtualHost>
