list
add /tmp/signingkey
list
add /tmp/signingkey
list
add /tmp/signingkey
list
add /tmp/signingkey
