suexec
authn_file
auth_basic
suexec
authn_file
auth_basic
