u=rwx,g=rwx,o=rx /tmp/var/www/test1.com/web
u=rwx,g=rwx,o=rx /tmp/var/www/test2.com/web
o-rw /tmp/var/www/test1.com/auth/privatepasswd.passwd
o-rw /tmp/var/www/test1.com/auth/privatepasswd.group
u=rwx,g=rwx,o=rx /tmp/var/www/test1.com/web
u=rwx,g=rwx,o=rx /tmp/var/www/test2.com/web
o-rw /tmp/var/www/test1.com/auth/privatepasswd.passwd
o-rw /tmp/var/www/test1.com/auth/privatepasswd.group
