install --without development test
update
install --without development test
install --without development test
update
install --without development test
